Flow report for Hadamard
Mon Nov 21 12:10:49 2022
Quartus Prime Version 20.1.1 Build 720 11/11/2020 SJ Lite Edition


---------------------
; Table of Contents ;
---------------------
  1. Legal Notice
  2. Flow Summary
  3. Flow Settings
  4. Flow Non-Default Global Settings
  5. Flow Elapsed Time
  6. Flow OS Summary
  7. Flow Log
  8. Flow Messages
  9. Flow Suppressed Messages



----------------
; Legal Notice ;
----------------
Copyright (C) 2020  Intel Corporation. All rights reserved.
Your use of Intel Corporation's design tools, logic functions 
and other software and tools, and any partner logic 
functions, and any output files from any of the foregoing 
(including device programming or simulation files), and any 
associated documentation or information are expressly subject 
to the terms and conditions of the Intel Program License 
Subscription Agreement, the Intel Quartus Prime License Agreement,
the Intel FPGA IP License Agreement, or other applicable license
agreement, including, without limitation, that your use is for
the sole purpose of programming logic devices manufactured by
Intel and sold by Intel or its authorized distributors.  Please
refer to the applicable agreement for further details, at
https://fpgasoftware.intel.com/eula.



+----------------------------------------------------------------------------------+
; Flow Summary                                                                     ;
+------------------------------------+---------------------------------------------+
; Flow Status                        ; Successful - Mon Nov 21 12:10:49 2022       ;
; Quartus Prime Version              ; 20.1.1 Build 720 11/11/2020 SJ Lite Edition ;
; Revision Name                      ; Hadamard                                    ;
; Top-level Entity Name              ; main                                        ;
; Family                             ; Cyclone IV GX                               ;
; Total logic elements               ; 33                                          ;
;     Total combinational functions  ; 33                                          ;
;     Dedicated logic registers      ; 0                                           ;
; Total registers                    ; 0                                           ;
; Total pins                         ; 15                                          ;
; Total virtual pins                 ; 0                                           ;
; Total memory bits                  ; 0                                           ;
; Embedded Multiplier 9-bit elements ; 0                                           ;
; Total GXB Receiver Channel PCS     ; 0                                           ;
; Total GXB Receiver Channel PMA     ; 0                                           ;
; Total GXB Transmitter Channel PCS  ; 0                                           ;
; Total GXB Transmitter Channel PMA  ; 0                                           ;
; Total PLLs                         ; 0                                           ;
+------------------------------------+---------------------------------------------+


+-----------------------------------------+
; Flow Settings                           ;
+-------------------+---------------------+
; Option            ; Setting             ;
+-------------------+---------------------+
; Start date & time ; 11/21/2022 11:56:58 ;
; Main task         ; Compilation         ;
; Revision Name     ; Hadamard            ;
+-------------------+---------------------+


+-----------------------------------------------------------------------------------------------------------------------------------------------------+
; Flow Non-Default Global Settings                                                                                                                    ;
+-------------------------------------------------+----------------------------------------+---------------+-------------------+----------------------+
; Assignment Name                                 ; Value                                  ; Default Value ; Entity Name       ; Section Id           ;
+-------------------------------------------------+----------------------------------------+---------------+-------------------+----------------------+
; ADV_NETLIST_OPT_SYNTH_WYSIWYG_REMAP             ; On                                     ; Off           ; --                ; --                   ;
; ALLOW_ANY_RAM_SIZE_FOR_RECOGNITION              ; On                                     ; Off           ; --                ; --                   ;
; ALLOW_ANY_ROM_SIZE_FOR_RECOGNITION              ; On                                     ; Off           ; --                ; --                   ;
; ALLOW_ANY_SHIFT_REGISTER_SIZE_FOR_RECOGNITION   ; On                                     ; Off           ; --                ; --                   ;
; ALLOW_SHIFT_REGISTER_MERGING_ACROSS_HIERARCHIES ; Always                                 ; Auto          ; --                ; --                   ;
; AUTO_SHIFT_REGISTER_RECOGNITION                 ; Always                                 ; Auto          ; --                ; --                   ;
; COMPILER_SIGNATURE_ID                           ; 242895776777251.166903181803416        ; --            ; --                ; --                   ;
; CYCLONEII_OPTIMIZATION_TECHNIQUE                ; Area                                   ; Balanced      ; --                ; --                   ;
; EDA_DESIGN_ENTRY_SYNTHESIS_TOOL                 ; FPGA Compiler II                       ; <None>        ; DecoderSimp2.vhdl ; --                   ;
; EDA_GENERATE_FUNCTIONAL_NETLIST                 ; On                                     ; --            ; --                ; eda_simulation       ;
; EDA_INPUT_DATA_FORMAT                           ; Edif                                   ; --            ; DecoderSimp2.vhdl ; eda_design_synthesis ;
; EDA_INPUT_GND_NAME                              ; Gnd                                    ; --            ; DecoderSimp2.vhdl ; eda_design_synthesis ;
; EDA_INPUT_VCC_NAME                              ; Vdd                                    ; --            ; DecoderSimp2.vhdl ; eda_design_synthesis ;
; EDA_LMF_FILE                                    ; fpga_exp.lmf                           ; --            ; DecoderSimp2.vhdl ; eda_design_synthesis ;
; EDA_OUTPUT_DATA_FORMAT                          ; Vhdl                                   ; --            ; --                ; eda_simulation       ;
; EDA_RUN_TOOL_AUTOMATICALLY                      ; Off                                    ; --            ; DecoderSimp2.vhdl ; eda_design_synthesis ;
; EDA_SHOW_LMF_MAPPING_MESSAGES                   ; Off                                    ; --            ; DecoderSimp2.vhdl ; eda_design_synthesis ;
; EDA_SIMULATION_TOOL                             ; ModelSim-Altera (VHDL)                 ; <None>        ; --                ; --                   ;
; EDA_TIME_SCALE                                  ; 1 ps                                   ; --            ; --                ; eda_simulation       ;
; MUX_RESTRUCTURE                                 ; On                                     ; Auto          ; --                ; --                   ;
; PARTITION_COLOR                                 ; -- (Not supported for targeted family) ; --            ; main              ; Top                  ;
; PARTITION_FITTER_PRESERVATION_LEVEL             ; -- (Not supported for targeted family) ; --            ; main              ; Top                  ;
; PARTITION_NETLIST_TYPE                          ; -- (Not supported for targeted family) ; --            ; main              ; Top                  ;
; PHYSICAL_SYNTHESIS_COMBO_LOGIC_FOR_AREA         ; On                                     ; Off           ; --                ; --                   ;
; PHYSICAL_SYNTHESIS_MAP_LOGIC_TO_MEMORY_FOR_AREA ; On                                     ; Off           ; --                ; --                   ;
; PROJECT_OUTPUT_DIRECTORY                        ; output_files                           ; --            ; --                ; --                   ;
; REMOVE_REDUNDANT_LOGIC_CELLS                    ; On                                     ; Off           ; --                ; --                   ;
; SMART_RECOMPILE                                 ; On                                     ; Off           ; --                ; --                   ;
; TOP_LEVEL_ENTITY                                ; main                                   ; Hadamard      ; --                ; --                   ;
; VHDL_SHOW_LMF_MAPPING_MESSAGES                  ; Off                                    ; --            ; --                ; --                   ;
+-------------------------------------------------+----------------------------------------+---------------+-------------------+----------------------+


+--------------------------------------------------------------------------------------------------------------------------+
; Flow Elapsed Time                                                                                                        ;
+----------------------+--------------+-------------------------+---------------------+------------------------------------+
; Module Name          ; Elapsed Time ; Average Processors Used ; Peak Virtual Memory ; Total CPU Time (on all processors) ;
+----------------------+--------------+-------------------------+---------------------+------------------------------------+
; Analysis & Synthesis ; 00:00:07     ; 1.0                     ; 502 MB              ; 00:00:23                           ;
; EDA Netlist Writer   ; 00:00:01     ; 1.0                     ; 662 MB              ; 00:00:00                           ;
; EDA Netlist Writer   ; 00:00:00     ; 1.0                     ; 662 MB              ; 00:00:00                           ;
; EDA Netlist Writer   ; 00:00:01     ; 1.0                     ; 662 MB              ; 00:00:00                           ;
; EDA Netlist Writer   ; 00:00:00     ; 1.0                     ; 662 MB              ; 00:00:00                           ;
; EDA Netlist Writer   ; 00:00:00     ; 1.0                     ; 662 MB              ; 00:00:00                           ;
; EDA Netlist Writer   ; 00:00:00     ; 1.0                     ; 662 MB              ; 00:00:00                           ;
; EDA Netlist Writer   ; 00:00:01     ; 1.0                     ; 662 MB              ; 00:00:00                           ;
; EDA Netlist Writer   ; 00:00:00     ; 1.0                     ; 662 MB              ; 00:00:00                           ;
; EDA Netlist Writer   ; 00:00:00     ; 1.0                     ; 662 MB              ; 00:00:00                           ;
; EDA Netlist Writer   ; 00:00:00     ; 1.0                     ; 662 MB              ; 00:00:00                           ;
; EDA Netlist Writer   ; 00:00:00     ; 1.0                     ; 662 MB              ; 00:00:00                           ;
; EDA Netlist Writer   ; 00:00:00     ; 1.0                     ; 662 MB              ; 00:00:00                           ;
; EDA Netlist Writer   ; 00:00:00     ; 1.0                     ; 662 MB              ; 00:00:00                           ;
; EDA Netlist Writer   ; 00:00:00     ; 1.0                     ; 662 MB              ; 00:00:00                           ;
; EDA Netlist Writer   ; 00:00:00     ; 1.0                     ; 662 MB              ; 00:00:00                           ;
; EDA Netlist Writer   ; 00:00:00     ; 1.0                     ; 662 MB              ; 00:00:00                           ;
; EDA Netlist Writer   ; 00:00:00     ; 1.0                     ; 662 MB              ; 00:00:00                           ;
; Total                ; 00:00:10     ; --                      ; --                  ; 00:00:23                           ;
+----------------------+--------------+-------------------------+---------------------+------------------------------------+


+--------------------------------------------------------------------------------------------+
; Flow OS Summary                                                                            ;
+----------------------+------------------+----------------+----------------+----------------+
; Module Name          ; Machine Hostname ; OS Name        ; OS Version     ; Processor type ;
+----------------------+------------------+----------------+----------------+----------------+
; Analysis & Synthesis ; new-host-2       ; Kali GNU/Linux ; Kali GNU/Linux ; x86_64         ;
; EDA Netlist Writer   ; new-host-2       ; Kali GNU/Linux ; Kali GNU/Linux ; x86_64         ;
; EDA Netlist Writer   ; new-host-2       ; Kali GNU/Linux ; Kali GNU/Linux ; x86_64         ;
; EDA Netlist Writer   ; new-host-2       ; Kali GNU/Linux ; Kali GNU/Linux ; x86_64         ;
; EDA Netlist Writer   ; new-host-2       ; Kali GNU/Linux ; Kali GNU/Linux ; x86_64         ;
; EDA Netlist Writer   ; new-host-2       ; Kali GNU/Linux ; Kali GNU/Linux ; x86_64         ;
; EDA Netlist Writer   ; new-host-2       ; Kali GNU/Linux ; Kali GNU/Linux ; x86_64         ;
; EDA Netlist Writer   ; new-host-2       ; Kali GNU/Linux ; Kali GNU/Linux ; x86_64         ;
; EDA Netlist Writer   ; new-host-2       ; Kali GNU/Linux ; Kali GNU/Linux ; x86_64         ;
; EDA Netlist Writer   ; new-host-2       ; Kali GNU/Linux ; Kali GNU/Linux ; x86_64         ;
; EDA Netlist Writer   ; new-host-2       ; Kali GNU/Linux ; Kali GNU/Linux ; x86_64         ;
; EDA Netlist Writer   ; new-host-2       ; Kali GNU/Linux ; Kali GNU/Linux ; x86_64         ;
; EDA Netlist Writer   ; new-host-2       ; Kali GNU/Linux ; Kali GNU/Linux ; x86_64         ;
; EDA Netlist Writer   ; new-host-2       ; Kali GNU/Linux ; Kali GNU/Linux ; x86_64         ;
; EDA Netlist Writer   ; new-host-2       ; Kali GNU/Linux ; Kali GNU/Linux ; x86_64         ;
; EDA Netlist Writer   ; new-host-2       ; Kali GNU/Linux ; Kali GNU/Linux ; x86_64         ;
; EDA Netlist Writer   ; new-host-2       ; Kali GNU/Linux ; Kali GNU/Linux ; x86_64         ;
; EDA Netlist Writer   ; new-host-2       ; Kali GNU/Linux ; Kali GNU/Linux ; x86_64         ;
+----------------------+------------------+----------------+----------------+----------------+


------------
; Flow Log ;
------------
quartus_map --read_settings_files=on --write_settings_files=off ReedSolution -c Hadamard
quartus_eda --gen_testbench --tool=modelsim_oem --format=vhdl --write_settings_files=off ReedSolution -c Hadamard --vector_source=/mnt/ntfs/Users/carlo/Documents/GitHub/AAD_2022/Source/ReedSolution/Waveform5.vwf --testbench_file=/mnt/ntfs/Users/carlo/Documents/GitHub/AAD_2022/Source/ReedSolution/simulation/qsim/Waveform5.vwf.vht
quartus_eda --write_settings_files=off --simulation=on --functional=on --flatten_buses=off --tool=modelsim_oem --format=vhdl --output_directory=/mnt/ntfs/Users/carlo/Documents/GitHub/AAD_2022/Source/ReedSolution/simulation/qsim/ ReedSolution -c Hadamard
quartus_eda --gen_testbench --tool=modelsim_oem --format=vhdl --write_settings_files=off ReedSolution -c Hadamard --vector_source=/mnt/ntfs/Users/carlo/Documents/GitHub/AAD_2022/Source/ReedSolution/Waveform5.vwf --testbench_file=/mnt/ntfs/Users/carlo/Documents/GitHub/AAD_2022/Source/ReedSolution/simulation/qsim/Waveform5.vwf.vht
quartus_eda --write_settings_files=off --simulation=on --functional=on --flatten_buses=off --tool=modelsim_oem --format=vhdl --output_directory=/mnt/ntfs/Users/carlo/Documents/GitHub/AAD_2022/Source/ReedSolution/simulation/qsim/ ReedSolution -c Hadamard
quartus_eda --gen_testbench --tool=modelsim_oem --format=vhdl --write_settings_files=off ReedSolution -c Hadamard --vector_source=/mnt/ntfs/Users/carlo/Documents/GitHub/AAD_2022/Source/ReedSolution/Waveform5.vwf --testbench_file=/mnt/ntfs/Users/carlo/Documents/GitHub/AAD_2022/Source/ReedSolution/simulation/qsim/Waveform5.vwf.vht
quartus_eda --write_settings_files=off --simulation=on --functional=on --flatten_buses=off --tool=modelsim_oem --format=vhdl --output_directory=/mnt/ntfs/Users/carlo/Documents/GitHub/AAD_2022/Source/ReedSolution/simulation/qsim/ ReedSolution -c Hadamard
quartus_eda --gen_testbench --tool=modelsim_oem --format=vhdl --write_settings_files=off ReedSolution -c Hadamard --vector_source=/mnt/ntfs/Users/carlo/Documents/GitHub/AAD_2022/Source/ReedSolution/Waveform5.vwf --testbench_file=/mnt/ntfs/Users/carlo/Documents/GitHub/AAD_2022/Source/ReedSolution/simulation/qsim/Waveform5.vwf.vht
quartus_eda --write_settings_files=off --simulation=on --functional=on --flatten_buses=off --tool=modelsim_oem --format=vhdl --output_directory=/mnt/ntfs/Users/carlo/Documents/GitHub/AAD_2022/Source/ReedSolution/simulation/qsim/ ReedSolution -c Hadamard
quartus_eda --gen_testbench --tool=modelsim_oem --format=vhdl --write_settings_files=off ReedSolution -c Hadamard --vector_source=/mnt/ntfs/Users/carlo/Documents/GitHub/AAD_2022/Source/ReedSolution/Waveform5.vwf --testbench_file=/mnt/ntfs/Users/carlo/Documents/GitHub/AAD_2022/Source/ReedSolution/simulation/qsim/Waveform5.vwf.vht
quartus_eda --write_settings_files=off --simulation=on --functional=on --flatten_buses=off --tool=modelsim_oem --format=vhdl --output_directory=/mnt/ntfs/Users/carlo/Documents/GitHub/AAD_2022/Source/ReedSolution/simulation/qsim/ ReedSolution -c Hadamard
quartus_eda --gen_testbench --tool=modelsim_oem --format=vhdl --write_settings_files=off ReedSolution -c Hadamard --vector_source=/mnt/ntfs/Users/carlo/Documents/GitHub/AAD_2022/Source/ReedSolution/Waveform5.vwf --testbench_file=/mnt/ntfs/Users/carlo/Documents/GitHub/AAD_2022/Source/ReedSolution/simulation/qsim/Waveform5.vwf.vht
quartus_eda --write_settings_files=off --simulation=on --functional=on --flatten_buses=off --tool=modelsim_oem --format=vhdl --output_directory=/mnt/ntfs/Users/carlo/Documents/GitHub/AAD_2022/Source/ReedSolution/simulation/qsim/ ReedSolution -c Hadamard
quartus_eda --gen_testbench --tool=modelsim_oem --format=vhdl --write_settings_files=off ReedSolution -c Hadamard --vector_source=/mnt/ntfs/Users/carlo/Documents/GitHub/AAD_2022/Source/ReedSolution/Waveform5.vwf --testbench_file=/mnt/ntfs/Users/carlo/Documents/GitHub/AAD_2022/Source/ReedSolution/simulation/qsim/Waveform5.vwf.vht
quartus_eda --write_settings_files=off --simulation=on --functional=on --flatten_buses=off --tool=modelsim_oem --format=vhdl --output_directory=/mnt/ntfs/Users/carlo/Documents/GitHub/AAD_2022/Source/ReedSolution/simulation/qsim/ ReedSolution -c Hadamard
quartus_eda --gen_testbench --tool=modelsim_oem --format=vhdl --write_settings_files=off ReedSolution -c Hadamard --vector_source=/mnt/ntfs/Users/carlo/Documents/GitHub/AAD_2022/Source/ReedSolution/simulation/qsim/ReedSolution_20221121120954.sim.vwf --testbench_file=/mnt/ntfs/Users/carlo/Documents/GitHub/AAD_2022/Source/ReedSolution/simulation/qsim/simulation/qsim/ReedSolution_20221121120954.sim.vwf.vht
quartus_eda --gen_testbench --tool=modelsim_oem --format=vhdl --write_settings_files=off ReedSolution -c Hadamard --vector_source=/mnt/ntfs/Users/carlo/Documents/GitHub/AAD_2022/Source/ReedSolution/Waveform5.vwf --testbench_file=/mnt/ntfs/Users/carlo/Documents/GitHub/AAD_2022/Source/ReedSolution/simulation/qsim/Waveform5.vwf.vht
quartus_eda --write_settings_files=off --simulation=on --functional=on --flatten_buses=off --tool=modelsim_oem --format=vhdl --output_directory=/mnt/ntfs/Users/carlo/Documents/GitHub/AAD_2022/Source/ReedSolution/simulation/qsim/ ReedSolution -c Hadamard



